// Jest Snapshot v1, https://goo.gl/fbAQLP

exports[`Home render 1`] = `
<Layout>
  <ForwardRef(SafeAreaView)
    style={
      Object {
        "alignItems": "center",
        "flex": 1,
        "justifyContent": "center",
        "marginHorizontal": 30,
        "marginVertical": 20,
      }
    }
  >
    <withTheme(Button)
      mode="contained"
      onPress={[Function]}
    >
      Log out
    </withTheme(Button)>
  </ForwardRef(SafeAreaView)>
</Layout>
`;
